// Jest Snapshot v1, https://goo.gl/fbAQLP

exports[`Landing Page Tests Landing page snapshot 1`] = `
Object {
  "asFragment": [Function],
  "baseElement": <body>
    <div>
      <div
        class="landing"
      >
        <div
          class="header"
        >
          <a
            href="/"
            style="text-decoration: none;"
          >
            <img
              alt="Shell Logo"
              class="Shell-logo"
              src="Shell_Logo.png"
            />
          </a>
        </div>
        <div
          class="landing-body"
        >
          <div
            class="landing-title"
          >
            Welcome to an Application made using:
          </div>
          <div
            class="stack-container"
          >
            <div
              class="stack-group"
            >
              <svg
                class="no-tooltips"
                height="100px"
                title="React Logo"
                width="100px"
              >
                React.svg
              </svg>
              <div
                class="stack-title"
              >
                React
              </div>
            </div>
            <div
              class="stack-group"
            >
              <svg
                class="no-tooltips"
                height="100px"
                title="Redux Logo"
                width="100px"
              >
                Redux.svg
              </svg>
              <div
                class="stack-title"
              >
                Redux
              </div>
            </div>
          </div>
          <div
            class="login-button-container"
          >
            <a
              class="login-link"
              href="/login"
              style="text-decoration: none;"
            >
              <div
                class="login-link-button"
              >
                Login
              </div>
            </a>
          </div>
        </div>
      </div>
    </div>
  </body>,
  "container": <div>
    <div
      class="landing"
    >
      <div
        class="header"
      >
        <a
          href="/"
          style="text-decoration: none;"
        >
          <img
            alt="Shell Logo"
            class="Shell-logo"
            src="Shell_Logo.png"
          />
        </a>
      </div>
      <div
        class="landing-body"
      >
        <div
          class="landing-title"
        >
          Welcome to an Application made using:
        </div>
        <div
          class="stack-container"
        >
          <div
            class="stack-group"
          >
            <svg
              class="no-tooltips"
              height="100px"
              title="React Logo"
              width="100px"
            >
              React.svg
            </svg>
            <div
              class="stack-title"
            >
              React
            </div>
          </div>
          <div
            class="stack-group"
          >
            <svg
              class="no-tooltips"
              height="100px"
              title="Redux Logo"
              width="100px"
            >
              Redux.svg
            </svg>
            <div
              class="stack-title"
            >
              Redux
            </div>
          </div>
        </div>
        <div
          class="login-button-container"
        >
          <a
            class="login-link"
            href="/login"
            style="text-decoration: none;"
          >
            <div
              class="login-link-button"
            >
              Login
            </div>
          </a>
        </div>
      </div>
    </div>
  </div>,
  "debug": [Function],
  "findAllByAltText": [Function],
  "findAllByDisplayValue": [Function],
  "findAllByLabelText": [Function],
  "findAllByPlaceholderText": [Function],
  "findAllByRole": [Function],
  "findAllByTestId": [Function],
  "findAllByText": [Function],
  "findAllByTitle": [Function],
  "findByAltText": [Function],
  "findByDisplayValue": [Function],
  "findByLabelText": [Function],
  "findByPlaceholderText": [Function],
  "findByRole": [Function],
  "findByTestId": [Function],
  "findByText": [Function],
  "findByTitle": [Function],
  "getAllByAltText": [Function],
  "getAllByDisplayValue": [Function],
  "getAllByLabelText": [Function],
  "getAllByPlaceholderText": [Function],
  "getAllByRole": [Function],
  "getAllByTestId": [Function],
  "getAllByText": [Function],
  "getAllByTitle": [Function],
  "getByAltText": [Function],
  "getByDisplayValue": [Function],
  "getByLabelText": [Function],
  "getByPlaceholderText": [Function],
  "getByRole": [Function],
  "getByTestId": [Function],
  "getByText": [Function],
  "getByTitle": [Function],
  "queryAllByAltText": [Function],
  "queryAllByDisplayValue": [Function],
  "queryAllByLabelText": [Function],
  "queryAllByPlaceholderText": [Function],
  "queryAllByRole": [Function],
  "queryAllByTestId": [Function],
  "queryAllByText": [Function],
  "queryAllByTitle": [Function],
  "queryByAltText": [Function],
  "queryByDisplayValue": [Function],
  "queryByLabelText": [Function],
  "queryByPlaceholderText": [Function],
  "queryByRole": [Function],
  "queryByTestId": [Function],
  "queryByText": [Function],
  "queryByTitle": [Function],
  "rerender": [Function],
  "unmount": [Function],
}
`;
