// Jest Snapshot v1, https://goo.gl/fbAQLP

exports[`User Card Tests User Card Snapshot Test 1`] = `
Object {
  "asFragment": [Function],
  "baseElement": <body>
    <div>
      <div
        class="user-card-container"
      >
        <img
          alt="George"
          class="user-card-avatar"
          src="https://reqres.in/img/faces/1-image.jpg"
        />
        <div
          class="user-info-container"
        >
          <div
            class="user-card-name"
          >
            George Bluth
          </div>
          <div
            class="user-card-email"
          >
            george.bluth@reqres.in
          </div>
        </div>
      </div>
    </div>
  </body>,
  "container": <div>
    <div
      class="user-card-container"
    >
      <img
        alt="George"
        class="user-card-avatar"
        src="https://reqres.in/img/faces/1-image.jpg"
      />
      <div
        class="user-info-container"
      >
        <div
          class="user-card-name"
        >
          George Bluth
        </div>
        <div
          class="user-card-email"
        >
          george.bluth@reqres.in
        </div>
      </div>
    </div>
  </div>,
  "debug": [Function],
  "findAllByAltText": [Function],
  "findAllByDisplayValue": [Function],
  "findAllByLabelText": [Function],
  "findAllByPlaceholderText": [Function],
  "findAllByRole": [Function],
  "findAllByTestId": [Function],
  "findAllByText": [Function],
  "findAllByTitle": [Function],
  "findByAltText": [Function],
  "findByDisplayValue": [Function],
  "findByLabelText": [Function],
  "findByPlaceholderText": [Function],
  "findByRole": [Function],
  "findByTestId": [Function],
  "findByText": [Function],
  "findByTitle": [Function],
  "getAllByAltText": [Function],
  "getAllByDisplayValue": [Function],
  "getAllByLabelText": [Function],
  "getAllByPlaceholderText": [Function],
  "getAllByRole": [Function],
  "getAllByTestId": [Function],
  "getAllByText": [Function],
  "getAllByTitle": [Function],
  "getByAltText": [Function],
  "getByDisplayValue": [Function],
  "getByLabelText": [Function],
  "getByPlaceholderText": [Function],
  "getByRole": [Function],
  "getByTestId": [Function],
  "getByText": [Function],
  "getByTitle": [Function],
  "queryAllByAltText": [Function],
  "queryAllByDisplayValue": [Function],
  "queryAllByLabelText": [Function],
  "queryAllByPlaceholderText": [Function],
  "queryAllByRole": [Function],
  "queryAllByTestId": [Function],
  "queryAllByText": [Function],
  "queryAllByTitle": [Function],
  "queryByAltText": [Function],
  "queryByDisplayValue": [Function],
  "queryByLabelText": [Function],
  "queryByPlaceholderText": [Function],
  "queryByRole": [Function],
  "queryByTestId": [Function],
  "queryByText": [Function],
  "queryByTitle": [Function],
  "rerender": [Function],
  "unmount": [Function],
}
`;
