// Jest Snapshot v1, https://goo.gl/fbAQLP

exports[`Pagination Tests Pagination Snapshot Test 1`] = `
Object {
  "asFragment": [Function],
  "baseElement": <body>
    <div>
      <div
        class="pagination-container"
      >
        <div
          class="pagination-main"
        >
          <img
            alt="First"
            class="page-arrow"
            src="left-double-arrow.png"
          />
          <img
            alt="Previous"
            class="page-arrow"
            src="left-arrow.png"
          />
          <div
            class="page-number"
          >
            1
          </div>
          <div
            class="page-number current-page"
          >
            2
          </div>
          <div
            class="page-number"
          >
            3
          </div>
          <img
            alt="Next"
            class="page-arrow"
            src="right-arrow.png"
          />
          <img
            alt="Last"
            class="page-arrow"
            src="right-double-arrow.png"
          />
        </div>
        <div
          class="pagination-summary"
        >
          Showing 7 - 12 of 17
        </div>
      </div>
    </div>
  </body>,
  "container": <div>
    <div
      class="pagination-container"
    >
      <div
        class="pagination-main"
      >
        <img
          alt="First"
          class="page-arrow"
          src="left-double-arrow.png"
        />
        <img
          alt="Previous"
          class="page-arrow"
          src="left-arrow.png"
        />
        <div
          class="page-number"
        >
          1
        </div>
        <div
          class="page-number current-page"
        >
          2
        </div>
        <div
          class="page-number"
        >
          3
        </div>
        <img
          alt="Next"
          class="page-arrow"
          src="right-arrow.png"
        />
        <img
          alt="Last"
          class="page-arrow"
          src="right-double-arrow.png"
        />
      </div>
      <div
        class="pagination-summary"
      >
        Showing 7 - 12 of 17
      </div>
    </div>
  </div>,
  "debug": [Function],
  "findAllByAltText": [Function],
  "findAllByDisplayValue": [Function],
  "findAllByLabelText": [Function],
  "findAllByPlaceholderText": [Function],
  "findAllByRole": [Function],
  "findAllByTestId": [Function],
  "findAllByText": [Function],
  "findAllByTitle": [Function],
  "findByAltText": [Function],
  "findByDisplayValue": [Function],
  "findByLabelText": [Function],
  "findByPlaceholderText": [Function],
  "findByRole": [Function],
  "findByTestId": [Function],
  "findByText": [Function],
  "findByTitle": [Function],
  "getAllByAltText": [Function],
  "getAllByDisplayValue": [Function],
  "getAllByLabelText": [Function],
  "getAllByPlaceholderText": [Function],
  "getAllByRole": [Function],
  "getAllByTestId": [Function],
  "getAllByText": [Function],
  "getAllByTitle": [Function],
  "getByAltText": [Function],
  "getByDisplayValue": [Function],
  "getByLabelText": [Function],
  "getByPlaceholderText": [Function],
  "getByRole": [Function],
  "getByTestId": [Function],
  "getByText": [Function],
  "getByTitle": [Function],
  "queryAllByAltText": [Function],
  "queryAllByDisplayValue": [Function],
  "queryAllByLabelText": [Function],
  "queryAllByPlaceholderText": [Function],
  "queryAllByRole": [Function],
  "queryAllByTestId": [Function],
  "queryAllByText": [Function],
  "queryAllByTitle": [Function],
  "queryByAltText": [Function],
  "queryByDisplayValue": [Function],
  "queryByLabelText": [Function],
  "queryByPlaceholderText": [Function],
  "queryByRole": [Function],
  "queryByTestId": [Function],
  "queryByText": [Function],
  "queryByTitle": [Function],
  "rerender": [Function],
  "unmount": [Function],
}
`;
