// Jest Snapshot v1, https://goo.gl/fbAQLP

exports[`Sidebar Tests User Card Snapshot Test 1`] = `
Object {
  "asFragment": [Function],
  "baseElement": <body>
    <div>
      <div
        class="sidebar-container"
      >
        <div
          class="sidebar-item"
        >
          <a
            class="menu-link"
            href="/home"
            style="text-decoration: none;"
          >
            <img
              alt="Home"
              class="menu-icon"
              src="home.png"
            />
            <div
              class="menu-title"
            >
              Home
            </div>
          </a>
        </div>
        <div
          class="sidebar-item"
        >
          <a
            class="menu-link"
            href="/users"
            style="text-decoration: none;"
          >
            <img
              alt="Users"
              class="menu-icon"
              src="users.png"
            />
            <div
              class="menu-title"
            >
              Users
            </div>
          </a>
        </div>
      </div>
    </div>
  </body>,
  "container": <div>
    <div
      class="sidebar-container"
    >
      <div
        class="sidebar-item"
      >
        <a
          class="menu-link"
          href="/home"
          style="text-decoration: none;"
        >
          <img
            alt="Home"
            class="menu-icon"
            src="home.png"
          />
          <div
            class="menu-title"
          >
            Home
          </div>
        </a>
      </div>
      <div
        class="sidebar-item"
      >
        <a
          class="menu-link"
          href="/users"
          style="text-decoration: none;"
        >
          <img
            alt="Users"
            class="menu-icon"
            src="users.png"
          />
          <div
            class="menu-title"
          >
            Users
          </div>
        </a>
      </div>
    </div>
  </div>,
  "debug": [Function],
  "findAllByAltText": [Function],
  "findAllByDisplayValue": [Function],
  "findAllByLabelText": [Function],
  "findAllByPlaceholderText": [Function],
  "findAllByRole": [Function],
  "findAllByTestId": [Function],
  "findAllByText": [Function],
  "findAllByTitle": [Function],
  "findByAltText": [Function],
  "findByDisplayValue": [Function],
  "findByLabelText": [Function],
  "findByPlaceholderText": [Function],
  "findByRole": [Function],
  "findByTestId": [Function],
  "findByText": [Function],
  "findByTitle": [Function],
  "getAllByAltText": [Function],
  "getAllByDisplayValue": [Function],
  "getAllByLabelText": [Function],
  "getAllByPlaceholderText": [Function],
  "getAllByRole": [Function],
  "getAllByTestId": [Function],
  "getAllByText": [Function],
  "getAllByTitle": [Function],
  "getByAltText": [Function],
  "getByDisplayValue": [Function],
  "getByLabelText": [Function],
  "getByPlaceholderText": [Function],
  "getByRole": [Function],
  "getByTestId": [Function],
  "getByText": [Function],
  "getByTitle": [Function],
  "queryAllByAltText": [Function],
  "queryAllByDisplayValue": [Function],
  "queryAllByLabelText": [Function],
  "queryAllByPlaceholderText": [Function],
  "queryAllByRole": [Function],
  "queryAllByTestId": [Function],
  "queryAllByText": [Function],
  "queryAllByTitle": [Function],
  "queryByAltText": [Function],
  "queryByDisplayValue": [Function],
  "queryByLabelText": [Function],
  "queryByPlaceholderText": [Function],
  "queryByRole": [Function],
  "queryByTestId": [Function],
  "queryByText": [Function],
  "queryByTitle": [Function],
  "rerender": [Function],
  "unmount": [Function],
}
`;
