// Jest Snapshot v1, https://goo.gl/fbAQLP

exports[`PageNotFound Tests PageNotFound Snapshot Test 1`] = `
Object {
  "asFragment": [Function],
  "baseElement": <body>
    <div>
      <div
        class="landing"
      >
        <div
          class="header"
        >
          <a
            href="/"
            style="text-decoration: none;"
          >
            <img
              alt="Shell Logo"
              class="Shell-logo"
              src="Shell_Logo.png"
            />
          </a>
        </div>
        <div
          class="page-body"
        >
          <div
            class="page-title"
          >
            Error 404: Page Not Found!
          </div>
          <div
            class="page-title-sm"
          >
            Redirecting you to Home Page...
          </div>
          <div
            class="loading-not-found"
          >
            <div
              class="spinner-container"
            >
              <div
                class="spinner-border text-dark"
                role="status"
              >
                <span
                  class="visually-hidden"
                >
                  Loading...
                </span>
              </div>
            </div>
          </div>
        </div>
      </div>
    </div>
  </body>,
  "container": <div>
    <div
      class="landing"
    >
      <div
        class="header"
      >
        <a
          href="/"
          style="text-decoration: none;"
        >
          <img
            alt="Shell Logo"
            class="Shell-logo"
            src="Shell_Logo.png"
          />
        </a>
      </div>
      <div
        class="page-body"
      >
        <div
          class="page-title"
        >
          Error 404: Page Not Found!
        </div>
        <div
          class="page-title-sm"
        >
          Redirecting you to Home Page...
        </div>
        <div
          class="loading-not-found"
        >
          <div
            class="spinner-container"
          >
            <div
              class="spinner-border text-dark"
              role="status"
            >
              <span
                class="visually-hidden"
              >
                Loading...
              </span>
            </div>
          </div>
        </div>
      </div>
    </div>
  </div>,
  "debug": [Function],
  "findAllByAltText": [Function],
  "findAllByDisplayValue": [Function],
  "findAllByLabelText": [Function],
  "findAllByPlaceholderText": [Function],
  "findAllByRole": [Function],
  "findAllByTestId": [Function],
  "findAllByText": [Function],
  "findAllByTitle": [Function],
  "findByAltText": [Function],
  "findByDisplayValue": [Function],
  "findByLabelText": [Function],
  "findByPlaceholderText": [Function],
  "findByRole": [Function],
  "findByTestId": [Function],
  "findByText": [Function],
  "findByTitle": [Function],
  "getAllByAltText": [Function],
  "getAllByDisplayValue": [Function],
  "getAllByLabelText": [Function],
  "getAllByPlaceholderText": [Function],
  "getAllByRole": [Function],
  "getAllByTestId": [Function],
  "getAllByText": [Function],
  "getAllByTitle": [Function],
  "getByAltText": [Function],
  "getByDisplayValue": [Function],
  "getByLabelText": [Function],
  "getByPlaceholderText": [Function],
  "getByRole": [Function],
  "getByTestId": [Function],
  "getByText": [Function],
  "getByTitle": [Function],
  "queryAllByAltText": [Function],
  "queryAllByDisplayValue": [Function],
  "queryAllByLabelText": [Function],
  "queryAllByPlaceholderText": [Function],
  "queryAllByRole": [Function],
  "queryAllByTestId": [Function],
  "queryAllByText": [Function],
  "queryAllByTitle": [Function],
  "queryByAltText": [Function],
  "queryByDisplayValue": [Function],
  "queryByLabelText": [Function],
  "queryByPlaceholderText": [Function],
  "queryByRole": [Function],
  "queryByTestId": [Function],
  "queryByText": [Function],
  "queryByTitle": [Function],
  "rerender": [Function],
  "unmount": [Function],
}
`;
